src/app/(dashboard)/list/announcements/page.tsx(72,8): error TS2739: Type '{}' is missing the following properties from type '{ page: number; count: number; ITEM_PER_PAGE: number; }': page, count, ITEM_PER_PAGE
src/app/(dashboard)/list/assignments/page.tsx(75,8): error TS2739: Type '{}' is missing the following properties from type '{ page: number; count: number; ITEM_PER_PAGE: number; }': page, count, ITEM_PER_PAGE
src/app/(dashboard)/list/attendance/page.tsx(105,8): error TS2739: Type '{}' is missing the following properties from type '{ page: number; count: number; ITEM_PER_PAGE: number; }': page, count, ITEM_PER_PAGE
src/app/(dashboard)/list/classes/page.tsx(75,8): error TS2739: Type '{}' is missing the following properties from type '{ page: number; count: number; ITEM_PER_PAGE: number; }': page, count, ITEM_PER_PAGE
src/app/(dashboard)/list/events/page.tsx(78,8): error TS2739: Type '{}' is missing the following properties from type '{ page: number; count: number; ITEM_PER_PAGE: number; }': page, count, ITEM_PER_PAGE
src/app/(dashboard)/list/exams/page.tsx(75,8): error TS2739: Type '{}' is missing the following properties from type '{ page: number; count: number; ITEM_PER_PAGE: number; }': page, count, ITEM_PER_PAGE
src/app/(dashboard)/list/lessons/page.tsx(72,8): error TS2739: Type '{}' is missing the following properties from type '{ page: number; count: number; ITEM_PER_PAGE: number; }': page, count, ITEM_PER_PAGE
src/app/(dashboard)/list/results/page.tsx(82,8): error TS2739: Type '{}' is missing the following properties from type '{ page: number; count: number; ITEM_PER_PAGE: number; }': page, count, ITEM_PER_PAGE
src/app/(dashboard)/list/subjects/page.tsx(69,8): error TS2739: Type '{}' is missing the following properties from type '{ page: number; count: number; ITEM_PER_PAGE: number; }': page, count, ITEM_PER_PAGE
src/components/forms/StudentForm.tsx(26,5): error TS2322: Type 'Resolver<{ studentId: string; name: string; phone: string; address: string; bloodType: string; emergencyContact: string; grade: unknown; class: string; id?: string | undefined; email?: string | undefined; photo?: any; }, any, { ...; }>' is not assignable to type 'Resolver<{ studentId: string; name: string; phone: string; address: string; bloodType: string; emergencyContact: string; grade: number; class: string; id?: string | undefined; email?: string | undefined; photo?: any; }, any, { ...; }>'.
  Types of parameters 'options' and 'options' are incompatible.
    Type 'ResolverOptions<{ studentId: string; name: string; phone: string; address: string; bloodType: string; emergencyContact: string; grade: number; class: string; id?: string | undefined; email?: string | undefined; photo?: any; }>' is not assignable to type 'ResolverOptions<{ studentId: string; name: string; phone: string; address: string; bloodType: string; emergencyContact: string; grade: unknown; class: string; id?: string | undefined; email?: string | undefined; photo?: any; }>'.
      Type '{ studentId: string; name: string; phone: string; address: string; bloodType: string; emergencyContact: string; grade: unknown; class: string; id?: string | undefined; email?: string | undefined; photo?: any; }' is not assignable to type '{ studentId: string; name: string; phone: string; address: string; bloodType: string; emergencyContact: string; grade: number; class: string; id?: string | undefined; email?: string | undefined; photo?: any; }'.
